<?xml version="1.0" encoding="utf-8"?><testsuites name="pytest tests"><testsuite name="pytest" errors="0" failures="0" skipped="0" tests="7" time="0.501" timestamp="2025-11-28T20:17:55.648337+01:00" hostname="Leenas-MacBook-Pro.local"><testcase classname="tests.test_app" name="test_shorten_and_redirect" time="0.026" /><testcase classname="tests.test_app" name="test_health_and_metrics_endpoints" time="0.007" /><testcase classname="tests.test_app" name="test_metrics_count_errors" time="0.006" /><testcase classname="tests.test_services" name="test_validate_url" time="0.000" /><testcase classname="tests.test_services" name="test_create_short_url_with_custom_generator" time="0.006" /><testcase classname="tests.test_services" name="test_generate_unique_code_avoids_collision" time="0.004" /><testcase classname="tests.test_services" name="test_delete_by_code" time="0.004" /></testsuite></testsuites>